Error in line 7, column 5 : Syntax error
instead expected token classes are []
On line 3, column 9:
Error : If part of if statement must have at least one statement.

Error in line 8, column 7 : Syntax error
instead expected token classes are [error, LBRACE]
On line 7, column 9:
Error : Both the if and else part of an if statement require curly braces.

Error in line 11, column 8 : Syntax error
instead expected token classes are [error, LPAREN]
On line 11, column 5:
Error : Condition for if statement should be wrapped in parentheses.

Error in line 18, column 15 : Syntax error
instead expected token classes are [error, LBRACE]
On line 17, column 14:
Error : If part of if statement requires curly braces.

Error in line 23, column 17 : Syntax error
instead expected token classes are [error]
On line 23, column 8:
Error : If part of if statement must have at least one statement.

Error in line 26, column 5 : Syntax error
instead expected token classes are [error]
On line 25, column 9:
Error : The else part of an if statement requires curly braces.

Error in line 26, column 15 : Syntax error
instead expected token classes are [error, LBRACE]
On line 26, column 9:
Error : If part of if statement requires curly braces.

Error in line 28, column 9 : Syntax error
instead expected token classes are [error, THIS, NEW, NULL, MINUS, LPAREN, INTEGERLITERAL, STRINGLITERAL, ID, TRUE, FALSE, NOT]
On line 28, column 8:
Error : If statement should contain an expression3.

Error in line 30, column 9 : Syntax error
instead expected token classes are [error, THIS, NEW, NULL, MINUS, LPAREN, INTEGERLITERAL, STRINGLITERAL, ID, TRUE, FALSE, NOT]
Error : Couldn't repair and continue parse
